------------------------------------------------------------
Timing Analyzer Summary
------------------------------------------------------------

Type  : Slow 1100mV 85C Model Setup 'altera_reserved_tck'
Slack : 1.428
TNS   : 0.000

Type  : Slow 1100mV 85C Model Setup 'clk'
Slack : 5.022
TNS   : 0.000

Type  : Slow 1100mV 85C Model Hold 'clk'
Slack : 0.241
TNS   : 0.000

Type  : Slow 1100mV 85C Model Hold 'altera_reserved_tck'
Slack : 0.349
TNS   : 0.000

Type  : Slow 1100mV 85C Model Recovery 'clk'
Slack : 14.754
TNS   : 0.000

Type  : Slow 1100mV 85C Model Recovery 'altera_reserved_tck'
Slack : 15.425
TNS   : 0.000

Type  : Slow 1100mV 85C Model Removal 'clk'
Slack : 0.576
TNS   : 0.000

Type  : Slow 1100mV 85C Model Removal 'altera_reserved_tck'
Slack : 0.813
TNS   : 0.000

Type  : Slow 1100mV 85C Model Minimum Pulse Width 'clk'
Slack : 8.869
TNS   : 0.000

Type  : Slow 1100mV 85C Model Minimum Pulse Width 'altera_reserved_tck'
Slack : 15.278
TNS   : 0.000

Type  : Slow 1100mV 0C Model Setup 'altera_reserved_tck'
Slack : 1.915
TNS   : 0.000

Type  : Slow 1100mV 0C Model Setup 'clk'
Slack : 5.345
TNS   : 0.000

Type  : Slow 1100mV 0C Model Hold 'clk'
Slack : 0.221
TNS   : 0.000

Type  : Slow 1100mV 0C Model Hold 'altera_reserved_tck'
Slack : 0.351
TNS   : 0.000

Type  : Slow 1100mV 0C Model Recovery 'clk'
Slack : 14.945
TNS   : 0.000

Type  : Slow 1100mV 0C Model Recovery 'altera_reserved_tck'
Slack : 15.492
TNS   : 0.000

Type  : Slow 1100mV 0C Model Removal 'clk'
Slack : 0.514
TNS   : 0.000

Type  : Slow 1100mV 0C Model Removal 'altera_reserved_tck'
Slack : 0.759
TNS   : 0.000

Type  : Slow 1100mV 0C Model Minimum Pulse Width 'clk'
Slack : 8.904
TNS   : 0.000

Type  : Slow 1100mV 0C Model Minimum Pulse Width 'altera_reserved_tck'
Slack : 15.268
TNS   : 0.000

Type  : Fast 1100mV 85C Model Setup 'altera_reserved_tck'
Slack : 5.812
TNS   : 0.000

Type  : Fast 1100mV 85C Model Setup 'clk'
Slack : 10.678
TNS   : 0.000

Type  : Fast 1100mV 85C Model Hold 'clk'
Slack : 0.133
TNS   : 0.000

Type  : Fast 1100mV 85C Model Hold 'altera_reserved_tck'
Slack : 0.178
TNS   : 0.000

Type  : Fast 1100mV 85C Model Recovery 'clk'
Slack : 16.473
TNS   : 0.000

Type  : Fast 1100mV 85C Model Recovery 'altera_reserved_tck'
Slack : 16.488
TNS   : 0.000

Type  : Fast 1100mV 85C Model Removal 'clk'
Slack : 0.310
TNS   : 0.000

Type  : Fast 1100mV 85C Model Removal 'altera_reserved_tck'
Slack : 0.456
TNS   : 0.000

Type  : Fast 1100mV 85C Model Minimum Pulse Width 'clk'
Slack : 8.479
TNS   : 0.000

Type  : Fast 1100mV 85C Model Minimum Pulse Width 'altera_reserved_tck'
Slack : 14.838
TNS   : 0.000

Type  : Fast 1100mV 0C Model Setup 'altera_reserved_tck'
Slack : 6.305
TNS   : 0.000

Type  : Fast 1100mV 0C Model Setup 'clk'
Slack : 11.652
TNS   : 0.000

Type  : Fast 1100mV 0C Model Hold 'clk'
Slack : 0.120
TNS   : 0.000

Type  : Fast 1100mV 0C Model Hold 'altera_reserved_tck'
Slack : 0.169
TNS   : 0.000

Type  : Fast 1100mV 0C Model Recovery 'altera_reserved_tck'
Slack : 16.601
TNS   : 0.000

Type  : Fast 1100mV 0C Model Recovery 'clk'
Slack : 16.887
TNS   : 0.000

Type  : Fast 1100mV 0C Model Removal 'clk'
Slack : 0.253
TNS   : 0.000

Type  : Fast 1100mV 0C Model Removal 'altera_reserved_tck'
Slack : 0.411
TNS   : 0.000

Type  : Fast 1100mV 0C Model Minimum Pulse Width 'clk'
Slack : 8.431
TNS   : 0.000

Type  : Fast 1100mV 0C Model Minimum Pulse Width 'altera_reserved_tck'
Slack : 14.812
TNS   : 0.000

------------------------------------------------------------
